---
source: tests/e2e.rs
assertion_line: 121
expression: tool_summary
---
[
  {
    "description": "Delete a merged branch. Only allowed if the branch's worktree was created by this session. Requires session_start.",
    "name": "branch_delete"
  },
  {
    "description": "Compare a branch against a base (typically its upstream remote tracking branch) and return ahead/behind commit counts as discrete typed fields, never as a formatted string. Use this to decide whether push/pull is needed without parsing git output. Assumes remote refs are up-to-date (call `fetch` first if needed).",
    "name": "branch_status"
  },
  {
    "description": "Create a commit in the specified working directory. Does not require session_start. By default (paths omitted), runs `git add -A` first, so ALL working-tree changes — including modifications outside what you intended and any previously staged files — are bundled into one commit. To commit only a specific subset, pass `paths` (relative to working_dir); only those paths are staged and committed, and other pre-staged or unstaged changes are left untouched.",
    "name": "commit"
  },
  {
    "description": "Show git diff for a working directory. Supports staged, commit range comparison, path filtering, name-only, and line limit. Does not require session_start.",
    "name": "diff"
  },
  {
    "description": "Run `git fetch` against a remote. Working tree unchanged. No write to local branches (refs/remotes/* only).",
    "name": "fetch"
  },
  {
    "description": "Check whether a commit is reachable from any remote tracking ref. Returns pushed (bool) and refs (list of remote ref names containing the commit). Assumes remote refs are up-to-date (call `fetch` first if needed).",
    "name": "is_pushed"
  },
  {
    "description": "Show git log (commit history) for a working directory. Does not require session_start.",
    "name": "log"
  },
  {
    "description": "Merge a branch into the target branch (must be current branch). Session-guarded. Requires session_start.",
    "name": "merge"
  },
  {
    "description": "List configured remotes (equivalent to `git remote -v`).",
    "name": "remote_list"
  },
  {
    "description": "Safely reset HEAD to a target commit. Only supports 'soft' (move HEAD, keep staged and working tree) and 'mixed' (move HEAD, unstage changes, keep working tree) modes. Hard reset is intentionally not supported. Returns the previous HEAD hash for recovery. Does not require session_start.",
    "name": "safe_reset"
  },
  {
    "description": "Release session ownership of a worktree, allowing another session to perform cleanup (merge / worktree_remove). Useful when the original session ended and a new session needs to complete cleanup. Requires session_start.",
    "name": "session_release"
  },
  {
    "description": "Initialize the session with a git repository root. Must be called before using any repository-scoped tools (worktree_*, branch_delete, merge). Returns the session ID.",
    "name": "session_start"
  },
  {
    "description": "Show git status (branch, changed files) for a working directory. Does not require session_start.",
    "name": "status"
  },
  {
    "description": "List commits present on a local branch but not yet on its remote tracking ref. Returns commits, count, and remote_head as typed fields. Assumes remote refs are up-to-date (call `fetch` first if needed).",
    "name": "unpushed_commits"
  },
  {
    "description": "Create a new git worktree under .worktrees/ with a new branch. Requires session_start. Registers the worktree to this session for ownership tracking.",
    "name": "worktree_add"
  },
  {
    "description": "List all git worktrees with their session ownership info. Requires session_start.",
    "name": "worktree_list"
  },
  {
    "description": "Remove a worktree. Only the session that created it can remove it. Requires session_start.",
    "name": "worktree_remove"
  }
]
